ERF.H:                         amrex::MultiFab& source,    amrex::MultiFab& xmom_src,
Binary file SourceTerms/.ERF_MakeMomSources.cpp.swp matches
SourceTerms/ERF_MakeMomSources.cpp: * @param[in] xmom_src source terms for x-momentum
SourceTerms/ERF_MakeMomSources.cpp:                             MultiFab& xmom_src,
SourceTerms/ERF_MakeMomSources.cpp:    xmom_src.setVal(0.0);
SourceTerms/ERF_MakeMomSources.cpp:        const Array4<      Real>& xmom_src_arr = xmom_src.array(mfi);
SourceTerms/ERF_MakeMomSources.cpp:                    xmom_src_arr(i, j, k) += coriolis_factor * (rho_v_loc * sphi_loc - rho_w_loc * cphi_loc);
SourceTerms/ERF_MakeMomSources.cpp:                    xmom_src_arr(i, j, k) += coriolis_factor * (rho_v_loc * sphi_loc - rho_w_loc * cphi_loc);
SourceTerms/ERF_MakeMomSources.cpp:                    xmom_src_arr(i, j, k) += coriolis_factor * (rho_v_loc * sinphi - rho_w_loc * cosphi);
SourceTerms/ERF_MakeMomSources.cpp:                    xmom_src_arr(i, j, k) -= dampcoef*sinesq * (uu - ubar[k]) * rho_on_u_face;
SourceTerms/ERF_MakeMomSources.cpp:                xmom_src_arr(i, j, k) += rho_on_u_face * abl_geo_forcing[0];
SourceTerms/ERF_MakeMomSources.cpp:                xmom_src_arr(i, j, k) -= coriolis_factor * rho_on_u_face * dptr_v_geos[k] * sinphi;
SourceTerms/ERF_MakeMomSources.cpp:                    xmom_src_arr(i, j, k) -= rho_on_u_face * wbar_xf * (U_hi - U_lo) * dzInv;
SourceTerms/ERF_MakeMomSources.cpp:                    xmom_src_arr(i, j, k) -= wbar_xf * (U_hi - U_lo) * dzInv;
SourceTerms/ERF_MakeMomSources.cpp:                xmom_src_arr(i, j, k) += cell_data(i, j, k, nr) * nudge_u;
SourceTerms/ERF_MakeMomSources.cpp:                                    u, cell_data, xmom_src_arr, mf_ux, mf_uy);
SourceTerms/ERF_MakeMomSources.cpp:                                                    z_cc_arr, xmom_src_arr, ymom_src_arr,
SourceTerms/ERF_MakeMomSources.cpp:                                        xmom_src_arr, ymom_src_arr, zmom_src_arr, rho_u, rho_v, rho_w,
SourceTerms/ERF_MakeMomSources.cpp:                                           xmom_src_arr, ymom_src_arr, zmom_src_arr,
SourceTerms/ERF_MakeMomSources.cpp:                xmom_src_arr(i, j, k) -= f_drag * ux * windspeed;
SourceTerms/ERF_MakeMomSources.cpp:                    xmom_src_arr(i, j, k) -= (1-t_blank) * rho_xface * CdM * U_s * bc_forcing_x; // if Vf low, force more strongly to MOST. If high, less forcing.
SourceTerms/ERF_MakeMomSources.cpp:                    xmom_src_arr(i, j, k) -= t_blank * rho_xface * CdM * ux * windspeed;
SourceTerms/ERF_MakeMomSources.cpp:                xmom_src_arr(i, j, k) -= t_blank * rho_xface * CdM * ux * windspeed;
SourceTerms/ERF_MakeMomSources.cpp:                xmom_src_arr(i, j, k) += tau_inv * (rhoUA_target - rhoUA);
SourceTerms/ERF_AddThinBodySources.cpp: * @param[in] xmom_src source terms for x-momentum
SourceTerms/ERF_AddThinBodySources.cpp:void add_thin_body_sources ( MultiFab & xmom_src,
SourceTerms/ERF_AddThinBodySources.cpp:        MultiFab::Copy(*thin_xforce_lev, xmom_src, 0, 0, 1, 0);
SourceTerms/ERF_AddThinBodySources.cpp:        MultiFab::Add(xmom_src, *thin_xforce_lev, 0, 0, 1, 0);
TimeIntegration/ERF_TI_substep_fun.H:                         xmom_src, ymom_src, zmom_src,
TimeIntegration/ERF_TI_substep_fun.H:                           cc_src, xmom_src, ymom_src, zmom_src,
TimeIntegration/ERF_TI_substep_fun.H:                          cc_src, xmom_src, ymom_src, zmom_src,
TimeIntegration/ERF_TI_substep_fun.H:                           cc_src, xmom_src, ymom_src, zmom_src,
TimeIntegration/ERF_Substep_NS.cpp: * @param[in   ]  xmom_src source terms for x-momentum
TimeIntegration/ERF_Substep_NS.cpp:                     const MultiFab& xmom_src,
TimeIntegration/ERF_Substep_NS.cpp:        const Array4<Real const>& xmom_src_arr   = xmom_src.const_array(mfi);
TimeIntegration/ERF_Substep_NS.cpp:                Real new_drho_u = dtau * slow_rhs_rho_u(i,j,k) + dtau * xmom_src_arr(i,j,k);;
TimeIntegration/ERF_Substep_NS.cpp:                                + dtau * xmom_src_arr(i,j,k);
TimeIntegration/ERF_TI_fast_headers.H:                     const amrex::MultiFab& xmom_src,
TimeIntegration/ERF_TI_fast_headers.H:                    const amrex::MultiFab& xmom_src,
TimeIntegration/ERF_TI_fast_headers.H:                     const amrex::MultiFab& xmom_src,
TimeIntegration/ERF_TI_slow_headers.H:                      const amrex::MultiFab& xmom_src,
TimeIntegration/ERF_Substep_MT.cpp: * @param[in   ] xmom_src source terms for x-momentum
TimeIntegration/ERF_Substep_MT.cpp:                     const MultiFab& xmom_src,
TimeIntegration/ERF_Substep_MT.cpp:        const Array4<Real const>& xmom_src_arr   = xmom_src.const_array(mfi);
TimeIntegration/ERF_Substep_MT.cpp:                                                                + dtau * xmom_src_arr(i,j,k);
TimeIntegration/ERF_SlowRhsPre.cpp: * @param[in   ] xmom_src source terms for x-momentum
TimeIntegration/ERF_SlowRhsPre.cpp:                       const MultiFab& xmom_src,
TimeIntegration/ERF_SlowRhsPre.cpp:        const Array4<Real const>& xmom_src_arr   = xmom_src.const_array(mfi);
TimeIntegration/ERF_SlowRhsPre.cpp:            rho_u_rhs(i, j, k) += (-gpx_arr(i,j,k) - abl_pressure_grad[0]) / (1.0 + q) + xmom_src_arr(i,j,k);
TimeIntegration/ERF_Substep_T.cpp: * @param[in   ] xmom_src source terms for x-momentum
TimeIntegration/ERF_Substep_T.cpp:                    const MultiFab& xmom_src,
TimeIntegration/ERF_Substep_T.cpp:        const Array4<Real const>& xmom_src_arr   = xmom_src.const_array(mfi);
TimeIntegration/ERF_Substep_T.cpp:                                                        + dtau * xmom_src_arr(i,j,k);
TimeIntegration/ERF_TI_slow_rhs_pre.H:                         xmom_src, ymom_src, zmom_src,
TimeIntegration/ERF_TI_slow_rhs_pre.H:        add_thin_body_sources(xmom_src, ymom_src, zmom_src,
TimeIntegration/ERF_TI_slow_rhs_pre.H:                         z_t_rk[level], cc_src, xmom_src, ymom_src, zmom_src, buoyancy,
TimeIntegration/ERF_AdvanceDycore.cpp: * @param[in] xmom_src source term for x-momenta
TimeIntegration/ERF_AdvanceDycore.cpp:                          MultiFab&   cc_src, MultiFab& xmom_src,
